../Core/Src/adc.c:17:6:ADC1_vInit	16	static
../Core/Src/adc.c:30:5:ADC1_u16ReadRegularSingleChannel	16	static
../Core/Src/adc.c:54:5:ADC1_u16ReadRegularSingleChannelAsynchronous	16	static
../Core/Src/adc.c:74:6:ADC1_RegularSwStartEnable	4	static
../Core/Src/adc.c:79:6:ADC1_RegularSwStartDisable	4	static
../Core/Src/adc.c:84:6:ADC1_vSetRegularChannelSequence	16	static
../Core/Src/adc.c:103:6:ADC1_vSetSamplingTime	16	static
../Core/Src/adc.c:120:5:ADC1_vReadInjectedSingleChannel	16	static
../Core/Src/adc.c:132:5:ADC1_vReadInjectedSingleChannelAsynchronous	16	static
../Core/Src/adc.c:138:6:ADC1_InjectedSwStartEnable	4	static
../Core/Src/adc.c:143:6:ADC1_InjectedSwStartDisable	4	static
../Core/Src/adc.c:148:6:ADC1_vSetInjectedChannelSequence	16	static
../Core/Src/adc.c:155:6:ADC1_vSetScanMode	16	static
../Core/Src/adc.c:165:6:ADC1_InterruptEnable	16	static
../Core/Src/adc.c:177:6:ADC1_DMAMode	16	static
../Core/Src/adc.c:193:6:ADC1_ExtTriggerRegular	16	static
../Core/Src/adc.c:203:6:ADC1_ExtTriggerInjected	16	static
../Core/Src/adc.c:213:6:ADC1_DisContionuousMode	16	static
../Core/Src/adc.c:227:6:ADC1_CallBack	16	static
../Core/Src/adc.c:242:6:ADC_IRQHandler	8	static
