../Core/Src/car.c:15:6:CAR_Movement_Init	8	static
../Core/Src/car.c:30:6:CAR_Moveforward	8	static
../Core/Src/car.c:42:6:CAR_MovebackWard	8	static
../Core/Src/car.c:55:6:CAR_Moveright	8	static
../Core/Src/car.c:67:6:CAR_Moveleft	8	static
../Core/Src/car.c:84:6:CAR_sTOP	8	static
../Core/Src/car.c:91:6:CAR_firstSpeed	8	static
../Core/Src/car.c:99:6:CAR_secondSpeed	8	static
../Core/Src/car.c:107:6:CAR_thirdSpeed	8	static
../Core/Src/car.c:116:6:CAR_fourthSpeed	8	static
../Core/Src/car.c:124:6:CAR_fifthSpeed	8	static
