../Core/Src/gptimer.c:20:6:TIMER2_Start	4	static
../Core/Src/gptimer.c:62:6:TIMER2_MasterMode	16	static
../Core/Src/gptimer.c:70:6:TIMER3_Start	4	static
../Core/Src/gptimer.c:111:6:TIMER4_Start	4	static
../Core/Src/gptimer.c:152:6:TIMER5_Start	4	static
../Core/Src/gptimer.c:194:6:TIMER9_Start	4	static
../Core/Src/gptimer.c:236:6:TIMER10_Start	4	static
../Core/Src/gptimer.c:278:6:TIMER11_Start	4	static
../Core/Src/gptimer.c:320:6:TIMERx_BusyWait_Delay	16	static
../Core/Src/gptimer.c:361:6:TIMERx_Interrupt_State	16	static
../Core/Src/gptimer.c:451:6:TIMER2_SetOutputCompareMode	24	static
../Core/Src/gptimer.c:485:6:TIMER3_SetOutputCompareMode	24	static
../Core/Src/gptimer.c:519:6:TIMER4_SetOutputCompareMode	24	static
../Core/Src/gptimer.c:553:6:TIMER5_SetOutputCompareMode	24	static
../Core/Src/gptimer.c:587:6:TIMER2_CallBack	16	static
../Core/Src/gptimer.c:594:6:TIMER3_CallBack	16	static
../Core/Src/gptimer.c:601:6:TIMER4_CallBack	16	static
../Core/Src/gptimer.c:608:6:TIMER5_CallBack	16	static
../Core/Src/gptimer.c:615:6:TIMER9_CallBack	16	static
../Core/Src/gptimer.c:622:6:TIMER10_CallBack	16	static
../Core/Src/gptimer.c:629:6:TIMER11_CallBack	16	static
../Core/Src/gptimer.c:636:6:TIM2_IRQHandler	8	static
../Core/Src/gptimer.c:641:6:TIM3_IRQHandler	8	static
../Core/Src/gptimer.c:646:6:TIM4_IRQHandler	8	static
../Core/Src/gptimer.c:651:6:TIM5_IRQHandler	8	static
../Core/Src/gptimer.c:656:6:TIM1_BRK_TIM9_IRQHandler	8	static
../Core/Src/gptimer.c:668:6:TIM1_TRG_COM_TIM11_IRQHandler	8	static
