../Core/Src/usart.c:15:6:USART_Init	4	static
../Core/Src/usart.c:74:6:USART6_Init	4	static
../Core/Src/usart.c:133:6:USART1_TX_InterruptState	16	static
../Core/Src/usart.c:147:6:USART6_TX_InterruptState	16	static
../Core/Src/usart.c:161:6:USART1_RX_InterruptState	16	static
../Core/Src/usart.c:174:6:USART6_RX_InterruptState	16	static
../Core/Src/usart.c:187:6:USART_SendData	16	static
../Core/Src/usart.c:195:6:USART6_SendData	16	static
../Core/Src/usart.c:204:4:USART_ReceiveData	4	static
../Core/Src/usart.c:212:4:USART6_ReceiveData	4	static
../Core/Src/usart.c:220:6:USART_SendString	24	static
../Core/Src/usart.c:229:6:USART6_SendString	24	static
../Core/Src/usart.c:238:4:USART_ReceiveString	24	static
../Core/Src/usart.c:248:4:USART6_ReceiveString	24	static
../Core/Src/usart.c:258:6:USART1_TransmitArray	24	static
../Core/Src/usart.c:268:6:USART6_TransmitArray	24	static
../Core/Src/usart.c:278:6:USART1_RecieveArray	32	static
../Core/Src/usart.c:285:6:USART6_RecieveArray	32	static
../Core/Src/usart.c:293:4:USART1_ReadDataRegister	4	static
../Core/Src/usart.c:297:4:USART6_ReadDataRegister	4	static
../Core/Src/usart.c:302:6:USART1_SendDataRegister	16	static
../Core/Src/usart.c:306:6:USART6_SendDataRegister	16	static
../Core/Src/usart.c:311:6:USART1_SendNumber	56	static
../Core/Src/usart.c:334:6:USART6_SendNumber	56	static
../Core/Src/usart.c:357:6:USART1_CallBack	16	static
../Core/Src/usart.c:371:6:USART6_CallBack	16	static
../Core/Src/usart.c:385:6:USART6_Transmitdata	16	static
../Core/Src/usart.c:389:6:USART6_SendNumberINT	56	static
../Core/Src/usart.c:412:6:USART6_SendStringInt	24	static
../Core/Src/usart.c:421:6:USART1_IRQHandler	16	static
../Core/Src/usart.c:439:6:USART6_IRQHandler	16	static
